******************************************************************************
                  TI ARM Linker PC v16.9.6                     
******************************************************************************
>> Linked Sun Feb 11 14:11:32 2018

OUTPUT FILE NAME:   <PreLab6_BOSCH.out>
ENTRY POINT SYMBOL: "_c_int00"  address: 00002365


MEMORY CONFIGURATION

         name            origin    length      used     unused   attr    fill
----------------------  --------  ---------  --------  --------  ----  --------
  MAIN                  00000000   00040000  00002732  0003d8ce  R  X
  INFO                  00200000   00004000  00000000  00004000  R  X
  SRAM_CODE             01000000   00010000  00000000  00010000  RW X
  SRAM_DATA             20000000   00010000  00000291  0000fd6f  RW  


SEGMENT ALLOCATION MAP

run origin  load origin   length   init length attrs members
----------  ----------- ---------- ----------- ----- -------
00000000    00000000    00002738   00002738    r-x
  00000000    00000000    00000140   00000140    r-- .intvecs
  00000140    00000140    0000258e   0000258e    r-x .text
  000026d0    000026d0    00000024   00000024    r-- .const
  000026f8    000026f8    00000040   00000040    r-- .cinit
20000000    20000000    00000094   00000000    rw-
  20000000    20000000    00000071   00000000    rw- .bss
  20000074    20000074    00000020   00000000    rw- .data
2000fe00    2000fe00    00000200   00000000    rw-
  2000fe00    2000fe00    00000200   00000000    rw- .stack


SECTION ALLOCATION MAP

 output                                  attributes/
section   page    origin      length       input sections
--------  ----  ----------  ----------   ----------------
.intvecs   0    00000000    00000140     
                  00000000    00000140     startup_msp432p401r_ccs.obj (.intvecs:retain)

.text      0    00000140    0000258e     
                  00000140    00001110     bme280.obj (.text)
                  00001250    00000328     system_msp432p401r.obj (.text)
                  00001578    000001bc     I2C_Interface.obj (.text)
                  00001734    000001b6     rtsv7M4_T_le_v4SPD16_eabi.lib : fd_add_t2.obj (.text)
                  000018ea    00000136                                   : fd_div_t2.obj (.text)
                  00001a20    00000130     BOSCH_Sensor.obj (.text)
                  00001b50    00000104     msp432p4xx_driverlib.lib : cs.o (.text:CS_getDCOFrequency)
                  00001c54    000000fc     rtsv7M4_T_le_v4SPD16_eabi.lib : fd_mul_t2.obj (.text)
                  00001d50    000000cc     clockConfig.obj (.text)
                  00001e1c    000000a4     main.obj (.text)
                  00001ec0    0000009c     msp432p4xx_driverlib.lib : cs.o (.text:CS_startHFXTWithTimeout)
                  00001f5c    0000009c                              : cs.o (.text:_CSComputeCLKFrequency)
                  00001ff8    0000009c     rtsv7M4_T_le_v4SPD16_eabi.lib : memcpy_t2.obj (.text)
                  00002094    00000086                                   : fd_cmp_t2.obj (.text:__aeabi_cdcmple)
                  0000211a    00000086                                   : fd_cmp_t2.obj (.text:__aeabi_cdrcmple)
                  000021a0    0000007a                                   : memset_t2.obj (.text)
                  0000221a    00000002                                   : mpu_init.obj (.text)
                  0000221c    00000070     msp432p4xx_driverlib.lib : cs.o (.text:_CSGetHFXTFrequency)
                  0000228c    00000070     rtsv7M4_T_le_v4SPD16_eabi.lib : autoinit.obj (.text)
                  000022fc    00000068                                   : copy_decompress_lzss.obj (.text:decompress:lzss)
                  00002364    00000054                                   : boot.obj (.text)
                  000023b8    00000054                                   : exit.obj (.text)
                  0000240c    00000050     msp432p4xx_driverlib.lib : sysctl.o (.text:SysCtl_getTLVInfo)
                  0000245c    0000004c                              : cs.o (.text:_CSGetDOCFrequency)
                  000024a8    0000004c     rtsv7M4_T_le_v4SPD16_eabi.lib : cpy_tbl.obj (.text)
                  000024f4    00000048     msp432p4xx_driverlib.lib : cs.o (.text:_CSGetDividerValue)
                  0000253c    00000048     rtsv7M4_T_le_v4SPD16_eabi.lib : fd_toi_t2.obj (.text)
                  00002584    0000002e                                   : i_tofd_t2.obj (.text)
                  000025b2    00000002                                   : startup.obj (.text)
                  000025b4    00000024     msp432p4xx_driverlib.lib : cs.o (.text:CS_clearInterruptFlag)
                  000025d8    00000020     rtsv7M4_T_le_v4SPD16_eabi.lib : u_tofd_t2.obj (.text)
                  000025f8    00000018     msp432p4xx_driverlib.lib : cs.o (.text:CS_getMCLK)
                  00002610    00000018                              : cs.o (.text:CS_getSMCLK)
                  00002628    00000018     rtsv7M4_T_le_v4SPD16_eabi.lib : args_main.obj (.text)
                  00002640    00000014     msp432p4xx_driverlib.lib : cs.o (.text:CS_setExternalClockSourceFrequency)
                  00002654    00000014     rtsv7M4_T_le_v4SPD16_eabi.lib : _lock.obj (.text)
                  00002668    00000012     startup_msp432p401r_ccs.obj (.text)
                  0000267a    00000002     --HOLE-- [fill = 0]
                  0000267c    00000010     msp432p4xx_driverlib.lib : sysctl.o (.text:SysCtl_disableNMISource)
                  0000268c    00000010                              : sysctl.o (.text:SysCtl_enableNMISource)
                  0000269c    0000000e     rtsv7M4_T_le_v4SPD16_eabi.lib : copy_decompress_none.obj (.text:decompress:none)
                  000026aa    00000002     --HOLE-- [fill = 0]
                  000026ac    0000000c     msp432p4xx_driverlib.lib : sysctl.o (.text:SysCtl_getNMISourceStatus)
                  000026b8    0000000c     rtsv7M4_T_le_v4SPD16_eabi.lib : copy_zero_init.obj (.text:decompress:ZI)
                  000026c4    00000006     msp432p4xx_driverlib.lib : cs.o (.text:CS_startHFXT)
                  000026ca    00000004     rtsv7M4_T_le_v4SPD16_eabi.lib : pre_init.obj (.text)

.const     0    000026d0    00000024     
                  000026d0    00000018     BOSCH_Sensor.obj (.const:$P$T0$1)
                  000026e8    0000000c     bme280.obj (.const:$P$T0$1)

.cinit     0    000026f8    00000040     
                  000026f8    00000018     (.cinit..data.load) [load image, compression = lzss]
                  00002710    0000000c     (__TI_handler_table)
                  0000271c    00000004     --HOLE-- [fill = 0]
                  00002720    00000008     (.cinit..bss.load) [load image, compression = zero_init]
                  00002728    00000010     (__TI_cinit_table)

.init_array 
*          0    00000000    00000000     UNINITIALIZED

.bss       0    20000000    00000071     UNINITIALIZED
                  20000000    00000040     (.common:dev)
                  20000040    00000008     (.common:humidity)
                  20000048    00000008     (.common:pressure)
                  20000050    00000008     (.common:temp)
                  20000058    00000004     (.common:MCLKfreq)
                  2000005c    00000004     (.common:SMCLKfreq)
                  20000060    00000004     (.common:device_data)
                  20000064    00000004     (.common:hfxtFreq)
                  20000068    00000004     (.common:lfxtFreq)
                  2000006c    00000001     (.common:com_rslt)
                  2000006d    00000001     (.common:retrieveError)
                  2000006e    00000001     (.common:rst)
                  2000006f    00000001     (.common:v_data_u8)
                  20000070    00000001     (.common:validAddress)

.data      0    20000074    00000020     UNINITIALIZED
                  20000074    0000000c     rtsv7M4_T_le_v4SPD16_eabi.lib : exit.obj (.data:$O1$$)
                  20000080    00000008                                   : _lock.obj (.data:$O1$$)
                  20000088    00000004     BOSCH_Sensor.obj (.data)
                  2000008c    00000004     rtsv7M4_T_le_v4SPD16_eabi.lib : stkdepth_vars.obj (.data)
                  20000090    00000004     system_msp432p401r.obj (.data)

.stack     0    2000fe00    00000200     UNINITIALIZED
                  2000fe00    00000200     --HOLE--

MODULE SUMMARY

       Module                        code   ro data   rw data
       ------                        ----   -------   -------
    .\
       bme280.obj                    4368   12        0      
       system_msp432p401r.obj        808    0         4      
       I2C_Interface.obj             444    0         0      
       BOSCH_Sensor.obj              304    24        74     
       startup_msp432p401r_ccs.obj   18     320       0      
       clockConfig.obj               204    0         8      
       main.obj                      164    0         27     
    +--+-----------------------------+------+---------+---------+
       Total:                        6310   356       113    
                                                             
    C:/ti/msp/MSP432Ware_3_50_00_02/driverlib/driverlib/MSP432P4xx/ccs/msp432p4xx_driverlib.lib
       cs.o                          942    0         8      
       sysctl.o                      124    0         0      
    +--+-----------------------------+------+---------+---------+
       Total:                        1066   0         8      
                                                             
    C:\ti\ccsv7\tools\compiler\ti-cgt-arm_16.9.6.LTS\lib\rtsv7M4_T_le_v4SPD16_eabi.lib
       fd_add_t2.obj                 438    0         0      
       fd_div_t2.obj                 310    0         0      
       fd_cmp_t2.obj                 268    0         0      
       fd_mul_t2.obj                 252    0         0      
       memcpy_t2.obj                 156    0         0      
       memset_t2.obj                 122    0         0      
       autoinit.obj                  112    0         0      
       copy_decompress_lzss.obj      104    0         0      
       exit.obj                      84     0         12     
       boot.obj                      84     0         0      
       cpy_tbl.obj                   76     0         0      
       fd_toi_t2.obj                 72     0         0      
       i_tofd_t2.obj                 46     0         0      
       u_tofd_t2.obj                 32     0         0      
       _lock.obj                     20     0         8      
       args_main.obj                 24     0         0      
       copy_decompress_none.obj      14     0         0      
       copy_zero_init.obj            12     0         0      
       pre_init.obj                  4      0         0      
       stkdepth_vars.obj             0      0         4      
       mpu_init.obj                  2      0         0      
       startup.obj                   2      0         0      
    +--+-----------------------------+------+---------+---------+
       Total:                        2234   0         24     
                                                             
       Stack:                        0      0         512    
       Linker Generated:             0      60        0      
    +--+-----------------------------+------+---------+---------+
       Grand Total:                  9610   416       657    


LINKER GENERATED COPY TABLES

__TI_cinit_table @ 00002728 records: 2, size/record: 8, table size: 16
	.data: load addr=000026f8, load size=00000018 bytes, run addr=20000074, run size=00000020 bytes, compression=lzss
	.bss: load addr=00002720, load size=00000008 bytes, run addr=20000000, run size=00000071 bytes, compression=zero_init


LINKER GENERATED HANDLER TABLE

__TI_handler_table @ 00002710 records: 3, size/record: 4, table size: 12
	index: 0, handler: __TI_decompress_lzss
	index: 1, handler: __TI_decompress_none
	index: 2, handler: __TI_zero_init


GLOBAL SYMBOLS: SORTED ALPHABETICALLY BY Name 

address   name                              
-------   ----                              
000023b9  C$$EXIT                           
000025b5  CS_clearInterruptFlag             
00001b51  CS_getDCOFrequency                
000025f9  CS_getMCLK                        
00002611  CS_getSMCLK                       
00002641  CS_setExternalClockSourceFrequency
000026c5  CS_startHFXT                      
00001ec1  CS_startHFXTWithTimeout           
00001579  I2C_Init                          
0000165b  I2C_WRITE_READ_STRING             
000015c9  I2C_WRITE_STRING                  
20000058  MCLKfreq                          
000015b3  OneMsDelay                        
UNDEFED   SHT$$INIT_ARRAY$$Base             
UNDEFED   SHT$$INIT_ARRAY$$Limit            
2000005c  SMCLKfreq                         
0000267d  SysCtl_disableNMISource           
0000268d  SysCtl_enableNMISource            
000026ad  SysCtl_getNMISourceStatus         
0000240d  SysCtl_getTLVInfo                 
20000090  SystemCoreClock                   
00001251  SystemCoreClockUpdate             
000014c5  SystemInit                        
4000480c  WDTCTL_SYM                        
20010000  __STACK_END                       
00000200  __STACK_SIZE                      
00002728  __TI_CINIT_Base                   
00002738  __TI_CINIT_Limit                  
00002710  __TI_Handler_Table_Base           
0000271c  __TI_Handler_Table_Limit          
0000228d  __TI_auto_init                    
20000074  __TI_cleanup_ptr                  
000022fd  __TI_decompress_lzss              
0000269d  __TI_decompress_none              
20000078  __TI_dtors_ptr                    
2000007c  __TI_enable_exit_profile_output   
ffffffff  __TI_pprof_out_hndl               
ffffffff  __TI_prof_data_size               
ffffffff  __TI_prof_data_start              
00000000  __TI_static_base__                
000026b9  __TI_zero_init                    
00002095  __aeabi_cdcmpeq                   
00002095  __aeabi_cdcmple                   
0000211b  __aeabi_cdrcmple                  
0000253d  __aeabi_d2iz                      
0000173f  __aeabi_dadd                      
000018eb  __aeabi_ddiv                      
00001c55  __aeabi_dmul                      
00001735  __aeabi_dsub                      
00002585  __aeabi_i2d                       
000021a1  __aeabi_memclr                    
000021a1  __aeabi_memclr4                   
000021a1  __aeabi_memclr8                   
00001ff9  __aeabi_memcpy                    
00001ff9  __aeabi_memcpy4                   
00001ff9  __aeabi_memcpy8                   
000021a3  __aeabi_memset                    
000021a3  __aeabi_memset4                   
000021a3  __aeabi_memset8                   
000025d9  __aeabi_ui2d                      
ffffffff  __binit__                         
ffffffff  __c_args__                        
0000221b  __mpu_init                        
2000fe00  __stack                           
00002629  _args_main                        
00002365  _c_int00                          
20000080  _lock                             
00002663  _nop                              
0000265b  _register_lock                    
00002655  _register_unlock                  
000025b3  _system_post_cinit                
000026cb  _system_pre_init                  
20000084  _unlock                           
000023bd  abort                             
ffffffff  binit                             
000005b9  bme280_compensate_data            
000001df  bme280_get_regs                   
000004d1  bme280_get_sensor_data            
00000455  bme280_get_sensor_mode            
000003c5  bme280_get_sensor_settings        
00000141  bme280_init                       
00000549  bme280_parse_sensor_data          
00000241  bme280_set_regs                   
000003ff  bme280_set_sensor_mode            
00000339  bme280_set_sensor_settings        
0000048d  bme280_soft_reset                 
00001d97  clockInit48MHzXTL                 
00001d5d  clockStartUp                      
2000006c  com_rslt                          
000024a9  copy_in                           
20000000  dev                               
20000060  device_data                       
000023c5  exit                              
00001af5  getHumidity                       
00001d51  getMCLKfreq                       
00001b03  getPressure                       
00001d57  getSMCLKfreq                      
00001ae7  getTemp                           
20000040  humidity                          
00000000  interruptVectors                  
00001e1d  main                              
2000008c  main_func_sp                      
00001ff9  memcpy                            
000021a9  memset                            
20000088  p_bme280                          
20000048  pressure                          
00001ab5  retrieveCalibratedData            
2000006d  retrieveError                     
2000006e  rst                               
00001a21  sensorInit                        
20000050  temp                              
000015bd  user_delay_ms                     
2000006f  v_data_u8                         
20000070  validAddress                      
00001a89  verifyDeviceAddress               


GLOBAL SYMBOLS: SORTED BY Symbol Address 

address   name                              
-------   ----                              
00000000  __TI_static_base__                
00000000  interruptVectors                  
00000141  bme280_init                       
000001df  bme280_get_regs                   
00000200  __STACK_SIZE                      
00000241  bme280_set_regs                   
00000339  bme280_set_sensor_settings        
000003c5  bme280_get_sensor_settings        
000003ff  bme280_set_sensor_mode            
00000455  bme280_get_sensor_mode            
0000048d  bme280_soft_reset                 
000004d1  bme280_get_sensor_data            
00000549  bme280_parse_sensor_data          
000005b9  bme280_compensate_data            
00001251  SystemCoreClockUpdate             
000014c5  SystemInit                        
00001579  I2C_Init                          
000015b3  OneMsDelay                        
000015bd  user_delay_ms                     
000015c9  I2C_WRITE_STRING                  
0000165b  I2C_WRITE_READ_STRING             
00001735  __aeabi_dsub                      
0000173f  __aeabi_dadd                      
000018eb  __aeabi_ddiv                      
00001a21  sensorInit                        
00001a89  verifyDeviceAddress               
00001ab5  retrieveCalibratedData            
00001ae7  getTemp                           
00001af5  getHumidity                       
00001b03  getPressure                       
00001b51  CS_getDCOFrequency                
00001c55  __aeabi_dmul                      
00001d51  getMCLKfreq                       
00001d57  getSMCLKfreq                      
00001d5d  clockStartUp                      
00001d97  clockInit48MHzXTL                 
00001e1d  main                              
00001ec1  CS_startHFXTWithTimeout           
00001ff9  __aeabi_memcpy                    
00001ff9  __aeabi_memcpy4                   
00001ff9  __aeabi_memcpy8                   
00001ff9  memcpy                            
00002095  __aeabi_cdcmpeq                   
00002095  __aeabi_cdcmple                   
0000211b  __aeabi_cdrcmple                  
000021a1  __aeabi_memclr                    
000021a1  __aeabi_memclr4                   
000021a1  __aeabi_memclr8                   
000021a3  __aeabi_memset                    
000021a3  __aeabi_memset4                   
000021a3  __aeabi_memset8                   
000021a9  memset                            
0000221b  __mpu_init                        
0000228d  __TI_auto_init                    
000022fd  __TI_decompress_lzss              
00002365  _c_int00                          
000023b9  C$$EXIT                           
000023bd  abort                             
000023c5  exit                              
0000240d  SysCtl_getTLVInfo                 
000024a9  copy_in                           
0000253d  __aeabi_d2iz                      
00002585  __aeabi_i2d                       
000025b3  _system_post_cinit                
000025b5  CS_clearInterruptFlag             
000025d9  __aeabi_ui2d                      
000025f9  CS_getMCLK                        
00002611  CS_getSMCLK                       
00002629  _args_main                        
00002641  CS_setExternalClockSourceFrequency
00002655  _register_unlock                  
0000265b  _register_lock                    
00002663  _nop                              
0000267d  SysCtl_disableNMISource           
0000268d  SysCtl_enableNMISource            
0000269d  __TI_decompress_none              
000026ad  SysCtl_getNMISourceStatus         
000026b9  __TI_zero_init                    
000026c5  CS_startHFXT                      
000026cb  _system_pre_init                  
00002710  __TI_Handler_Table_Base           
0000271c  __TI_Handler_Table_Limit          
00002728  __TI_CINIT_Base                   
00002738  __TI_CINIT_Limit                  
20000000  dev                               
20000040  humidity                          
20000048  pressure                          
20000050  temp                              
20000058  MCLKfreq                          
2000005c  SMCLKfreq                         
20000060  device_data                       
2000006c  com_rslt                          
2000006d  retrieveError                     
2000006e  rst                               
2000006f  v_data_u8                         
20000070  validAddress                      
20000074  __TI_cleanup_ptr                  
20000078  __TI_dtors_ptr                    
2000007c  __TI_enable_exit_profile_output   
20000080  _lock                             
20000084  _unlock                           
20000088  p_bme280                          
2000008c  main_func_sp                      
20000090  SystemCoreClock                   
2000fe00  __stack                           
20010000  __STACK_END                       
4000480c  WDTCTL_SYM                        
ffffffff  __TI_pprof_out_hndl               
ffffffff  __TI_prof_data_size               
ffffffff  __TI_prof_data_start              
ffffffff  __binit__                         
ffffffff  __c_args__                        
ffffffff  binit                             
UNDEFED   SHT$$INIT_ARRAY$$Base             
UNDEFED   SHT$$INIT_ARRAY$$Limit            

[115 symbols]
