******************************************************************************
                  TI ARM Linker PC v16.9.6                     
******************************************************************************
>> Linked Sun Feb 11 14:24:52 2018

OUTPUT FILE NAME:   <PreLab6_BOSCH.out>
ENTRY POINT SYMBOL: "_c_int00"  address: 000023e9


MEMORY CONFIGURATION

         name            origin    length      used     unused   attr    fill
----------------------  --------  ---------  --------  --------  ----  --------
  MAIN                  00000000   00040000  000027b6  0003d84a  R  X
  INFO                  00200000   00004000  00000000  00004000  R  X
  SRAM_CODE             01000000   00010000  00000000  00010000  RW X
  SRAM_DATA             20000000   00010000  00000299  0000fd67  RW  


SEGMENT ALLOCATION MAP

run origin  load origin   length   init length attrs members
----------  ----------- ---------- ----------- ----- -------
00000000    00000000    000027c0   000027c0    r-x
  00000000    00000000    00000140   00000140    r-- .intvecs
  00000140    00000140    00002612   00002612    r-x .text
  00002758    00002758    00000024   00000024    r-- .const
  00002780    00002780    00000040   00000040    r-- .cinit
20000000    20000000    0000009c   00000000    rw-
  20000000    20000000    00000075   00000000    rw- .bss
  20000078    20000078    00000024   00000000    rw- .data
2000fe00    2000fe00    00000200   00000000    rw-
  2000fe00    2000fe00    00000200   00000000    rw- .stack


SECTION ALLOCATION MAP

 output                                  attributes/
section   page    origin      length       input sections
--------  ----  ----------  ----------   ----------------
.intvecs   0    00000000    00000140     
                  00000000    00000140     startup_msp432p401r_ccs.obj (.intvecs:retain)

.text      0    00000140    00002612     
                  00000140    00001110     bme280.obj (.text)
                  00001250    00000328     system_msp432p401r.obj (.text)
                  00001578    000001bc     I2C_Interface.obj (.text)
                  00001734    000001b6     rtsv7M4_T_le_v4SPD16_eabi.lib : fd_add_t2.obj (.text)
                  000018ea    00000136                                   : fd_div_t2.obj (.text)
                  00001a20    00000130     BOSCH_Sensor.obj (.text)
                  00001b50    00000128     main.obj (.text)
                  00001c78    00000104     msp432p4xx_driverlib.lib : cs.o (.text:CS_getDCOFrequency)
                  00001d7c    000000fc     rtsv7M4_T_le_v4SPD16_eabi.lib : fd_mul_t2.obj (.text)
                  00001e78    000000cc     clockConfig.obj (.text)
                  00001f44    0000009c     msp432p4xx_driverlib.lib : cs.o (.text:CS_startHFXTWithTimeout)
                  00001fe0    0000009c                              : cs.o (.text:_CSComputeCLKFrequency)
                  0000207c    0000009c     rtsv7M4_T_le_v4SPD16_eabi.lib : memcpy_t2.obj (.text)
                  00002118    00000086                                   : fd_cmp_t2.obj (.text:__aeabi_cdcmple)
                  0000219e    00000086                                   : fd_cmp_t2.obj (.text:__aeabi_cdrcmple)
                  00002224    0000007a                                   : memset_t2.obj (.text)
                  0000229e    00000002                                   : mpu_init.obj (.text)
                  000022a0    00000070     msp432p4xx_driverlib.lib : cs.o (.text:_CSGetHFXTFrequency)
                  00002310    00000070     rtsv7M4_T_le_v4SPD16_eabi.lib : autoinit.obj (.text)
                  00002380    00000068                                   : copy_decompress_lzss.obj (.text:decompress:lzss)
                  000023e8    00000054                                   : boot.obj (.text)
                  0000243c    00000054                                   : exit.obj (.text)
                  00002490    00000050     msp432p4xx_driverlib.lib : sysctl.o (.text:SysCtl_getTLVInfo)
                  000024e0    0000004c                              : cs.o (.text:_CSGetDOCFrequency)
                  0000252c    0000004c     rtsv7M4_T_le_v4SPD16_eabi.lib : cpy_tbl.obj (.text)
                  00002578    00000048     msp432p4xx_driverlib.lib : cs.o (.text:_CSGetDividerValue)
                  000025c0    00000048     rtsv7M4_T_le_v4SPD16_eabi.lib : fd_toi_t2.obj (.text)
                  00002608    0000002e                                   : i_tofd_t2.obj (.text)
                  00002636    00000002                                   : startup.obj (.text)
                  00002638    00000024     msp432p4xx_driverlib.lib : cs.o (.text:CS_clearInterruptFlag)
                  0000265c    00000020     rtsv7M4_T_le_v4SPD16_eabi.lib : u_tofd_t2.obj (.text)
                  0000267c    00000018     msp432p4xx_driverlib.lib : cs.o (.text:CS_getMCLK)
                  00002694    00000018                              : cs.o (.text:CS_getSMCLK)
                  000026ac    00000018     rtsv7M4_T_le_v4SPD16_eabi.lib : args_main.obj (.text)
                  000026c4    00000014     msp432p4xx_driverlib.lib : cs.o (.text:CS_setExternalClockSourceFrequency)
                  000026d8    00000014     rtsv7M4_T_le_v4SPD16_eabi.lib : _lock.obj (.text)
                  000026ec    00000012     startup_msp432p401r_ccs.obj (.text)
                  000026fe    00000002     --HOLE-- [fill = 0]
                  00002700    00000010     msp432p4xx_driverlib.lib : sysctl.o (.text:SysCtl_disableNMISource)
                  00002710    00000010                              : sysctl.o (.text:SysCtl_enableNMISource)
                  00002720    0000000e     rtsv7M4_T_le_v4SPD16_eabi.lib : copy_decompress_none.obj (.text:decompress:none)
                  0000272e    00000002     --HOLE-- [fill = 0]
                  00002730    0000000c     msp432p4xx_driverlib.lib : sysctl.o (.text:SysCtl_getNMISourceStatus)
                  0000273c    0000000c     rtsv7M4_T_le_v4SPD16_eabi.lib : copy_zero_init.obj (.text:decompress:ZI)
                  00002748    00000006     msp432p4xx_driverlib.lib : cs.o (.text:CS_startHFXT)
                  0000274e    00000004     rtsv7M4_T_le_v4SPD16_eabi.lib : pre_init.obj (.text)

.const     0    00002758    00000024     
                  00002758    00000018     BOSCH_Sensor.obj (.const:$P$T0$1)
                  00002770    0000000c     bme280.obj (.const:$P$T0$1)

.cinit     0    00002780    00000040     
                  00002780    00000019     (.cinit..data.load) [load image, compression = lzss]
                  00002799    00000003     --HOLE-- [fill = 0]
                  0000279c    0000000c     (__TI_handler_table)
                  000027a8    00000008     (.cinit..bss.load) [load image, compression = zero_init]
                  000027b0    00000010     (__TI_cinit_table)

.init_array 
*          0    00000000    00000000     UNINITIALIZED

.bss       0    20000000    00000075     UNINITIALIZED
                  20000000    00000040     (.common:dev)
                  20000040    00000008     (.common:humidity)
                  20000048    00000008     (.common:pressure)
                  20000050    00000008     (.common:temp)
                  20000058    00000004     (.common:MCLKfreq)
                  2000005c    00000004     (.common:SMCLKfreq)
                  20000060    00000004     (.common:current_count)
                  20000064    00000004     (.common:device_data)
                  20000068    00000004     (.common:hfxtFreq)
                  2000006c    00000004     (.common:lfxtFreq)
                  20000070    00000001     (.common:com_rslt)
                  20000071    00000001     (.common:retrieveError)
                  20000072    00000001     (.common:rst)
                  20000073    00000001     (.common:v_data_u8)
                  20000074    00000001     (.common:validAddress)

.data      0    20000078    00000024     UNINITIALIZED
                  20000078    0000000c     rtsv7M4_T_le_v4SPD16_eabi.lib : exit.obj (.data:$O1$$)
                  20000084    00000008                                   : _lock.obj (.data:$O1$$)
                  2000008c    00000004     BOSCH_Sensor.obj (.data)
                  20000090    00000004     main.obj (.data)
                  20000094    00000004     rtsv7M4_T_le_v4SPD16_eabi.lib : stkdepth_vars.obj (.data)
                  20000098    00000004     system_msp432p401r.obj (.data)

.stack     0    2000fe00    00000200     UNINITIALIZED
                  2000fe00    00000200     --HOLE--

MODULE SUMMARY

       Module                        code   ro data   rw data
       ------                        ----   -------   -------
    .\
       bme280.obj                    4368   12        0      
       system_msp432p401r.obj        808    0         4      
       I2C_Interface.obj             444    0         0      
       BOSCH_Sensor.obj              304    24        74     
       startup_msp432p401r_ccs.obj   18     320       0      
       main.obj                      296    0         35     
       clockConfig.obj               204    0         8      
    +--+-----------------------------+------+---------+---------+
       Total:                        6442   356       121    
                                                             
    C:/ti/msp/MSP432Ware_3_50_00_02/driverlib/driverlib/MSP432P4xx/ccs/msp432p4xx_driverlib.lib
       cs.o                          942    0         8      
       sysctl.o                      124    0         0      
    +--+-----------------------------+------+---------+---------+
       Total:                        1066   0         8      
                                                             
    C:\ti\ccsv7\tools\compiler\ti-cgt-arm_16.9.6.LTS\lib\rtsv7M4_T_le_v4SPD16_eabi.lib
       fd_add_t2.obj                 438    0         0      
       fd_div_t2.obj                 310    0         0      
       fd_cmp_t2.obj                 268    0         0      
       fd_mul_t2.obj                 252    0         0      
       memcpy_t2.obj                 156    0         0      
       memset_t2.obj                 122    0         0      
       autoinit.obj                  112    0         0      
       copy_decompress_lzss.obj      104    0         0      
       exit.obj                      84     0         12     
       boot.obj                      84     0         0      
       cpy_tbl.obj                   76     0         0      
       fd_toi_t2.obj                 72     0         0      
       i_tofd_t2.obj                 46     0         0      
       u_tofd_t2.obj                 32     0         0      
       _lock.obj                     20     0         8      
       args_main.obj                 24     0         0      
       copy_decompress_none.obj      14     0         0      
       copy_zero_init.obj            12     0         0      
       pre_init.obj                  4      0         0      
       stkdepth_vars.obj             0      0         4      
       mpu_init.obj                  2      0         0      
       startup.obj                   2      0         0      
    +--+-----------------------------+------+---------+---------+
       Total:                        2234   0         24     
                                                             
       Stack:                        0      0         512    
       Linker Generated:             0      61        0      
    +--+-----------------------------+------+---------+---------+
       Grand Total:                  9742   417       665    


LINKER GENERATED COPY TABLES

__TI_cinit_table @ 000027b0 records: 2, size/record: 8, table size: 16
	.data: load addr=00002780, load size=00000019 bytes, run addr=20000078, run size=00000024 bytes, compression=lzss
	.bss: load addr=000027a8, load size=00000008 bytes, run addr=20000000, run size=00000075 bytes, compression=zero_init


LINKER GENERATED HANDLER TABLE

__TI_handler_table @ 0000279c records: 3, size/record: 4, table size: 12
	index: 0, handler: __TI_decompress_lzss
	index: 1, handler: __TI_decompress_none
	index: 2, handler: __TI_zero_init


GLOBAL SYMBOLS: SORTED ALPHABETICALLY BY Name 

address   name                              
-------   ----                              
0000243d  C$$EXIT                           
00002639  CS_clearInterruptFlag             
00001c79  CS_getDCOFrequency                
0000267d  CS_getMCLK                        
00002695  CS_getSMCLK                       
000026c5  CS_setExternalClockSourceFrequency
00002749  CS_startHFXT                      
00001f45  CS_startHFXTWithTimeout           
00001579  I2C_Init                          
0000165b  I2C_WRITE_READ_STRING             
000015c9  I2C_WRITE_STRING                  
20000058  MCLKfreq                          
000015b3  OneMsDelay                        
UNDEFED   SHT$$INIT_ARRAY$$Base             
UNDEFED   SHT$$INIT_ARRAY$$Limit            
2000005c  SMCLKfreq                         
00002701  SysCtl_disableNMISource           
00002711  SysCtl_enableNMISource            
00002731  SysCtl_getNMISourceStatus         
00002491  SysCtl_getTLVInfo                 
00001bf1  SysTick_Handler                   
20000098  SystemCoreClock                   
00001251  SystemCoreClockUpdate             
000014c5  SystemInit                        
4000480c  WDTCTL_SYM                        
20010000  __STACK_END                       
00000200  __STACK_SIZE                      
000027b0  __TI_CINIT_Base                   
000027c0  __TI_CINIT_Limit                  
0000279c  __TI_Handler_Table_Base           
000027a8  __TI_Handler_Table_Limit          
00002311  __TI_auto_init                    
20000078  __TI_cleanup_ptr                  
00002381  __TI_decompress_lzss              
00002721  __TI_decompress_none              
2000007c  __TI_dtors_ptr                    
20000080  __TI_enable_exit_profile_output   
ffffffff  __TI_pprof_out_hndl               
ffffffff  __TI_prof_data_size               
ffffffff  __TI_prof_data_start              
00000000  __TI_static_base__                
0000273d  __TI_zero_init                    
00002119  __aeabi_cdcmpeq                   
00002119  __aeabi_cdcmple                   
0000219f  __aeabi_cdrcmple                  
000025c1  __aeabi_d2iz                      
0000173f  __aeabi_dadd                      
000018eb  __aeabi_ddiv                      
00001d7d  __aeabi_dmul                      
00001735  __aeabi_dsub                      
00002609  __aeabi_i2d                       
00002225  __aeabi_memclr                    
00002225  __aeabi_memclr4                   
00002225  __aeabi_memclr8                   
0000207d  __aeabi_memcpy                    
0000207d  __aeabi_memcpy4                   
0000207d  __aeabi_memcpy8                   
00002227  __aeabi_memset                    
00002227  __aeabi_memset4                   
00002227  __aeabi_memset8                   
0000265d  __aeabi_ui2d                      
ffffffff  __binit__                         
ffffffff  __c_args__                        
0000229f  __mpu_init                        
2000fe00  __stack                           
000026ad  _args_main                        
000023e9  _c_int00                          
20000084  _lock                             
000026e7  _nop                              
000026df  _register_lock                    
000026d9  _register_unlock                  
00002637  _system_post_cinit                
0000274f  _system_pre_init                  
20000088  _unlock                           
00002441  abort                             
ffffffff  binit                             
000005b9  bme280_compensate_data            
000001df  bme280_get_regs                   
000004d1  bme280_get_sensor_data            
00000455  bme280_get_sensor_mode            
000003c5  bme280_get_sensor_settings        
00000141  bme280_init                       
00000549  bme280_parse_sensor_data          
00000241  bme280_set_regs                   
000003ff  bme280_set_sensor_mode            
00000339  bme280_set_sensor_settings        
0000048d  bme280_soft_reset                 
00001ebf  clockInit48MHzXTL                 
00001e85  clockStartUp                      
20000070  com_rslt                          
0000252d  copy_in                           
20000060  current_count                     
20000000  dev                               
20000064  device_data                       
00002449  exit                              
00001af5  getHumidity                       
00001e79  getMCLKfreq                       
00001b03  getPressure                       
00001e7f  getSMCLKfreq                      
00001ae7  getTemp                           
20000040  humidity                          
00000000  interruptVectors                  
00001b51  main                              
20000094  main_func_sp                      
0000207d  memcpy                            
0000222d  memset                            
2000008c  p_bme280                          
20000048  pressure                          
00001ab5  retrieveCalibratedData            
20000071  retrieveError                     
20000072  rst                               
00001a21  sensorInit                        
20000090  target_count                      
20000050  temp                              
000015bd  user_delay_ms                     
20000073  v_data_u8                         
20000074  validAddress                      
00001a89  verifyDeviceAddress               


GLOBAL SYMBOLS: SORTED BY Symbol Address 

address   name                              
-------   ----                              
00000000  __TI_static_base__                
00000000  interruptVectors                  
00000141  bme280_init                       
000001df  bme280_get_regs                   
00000200  __STACK_SIZE                      
00000241  bme280_set_regs                   
00000339  bme280_set_sensor_settings        
000003c5  bme280_get_sensor_settings        
000003ff  bme280_set_sensor_mode            
00000455  bme280_get_sensor_mode            
0000048d  bme280_soft_reset                 
000004d1  bme280_get_sensor_data            
00000549  bme280_parse_sensor_data          
000005b9  bme280_compensate_data            
00001251  SystemCoreClockUpdate             
000014c5  SystemInit                        
00001579  I2C_Init                          
000015b3  OneMsDelay                        
000015bd  user_delay_ms                     
000015c9  I2C_WRITE_STRING                  
0000165b  I2C_WRITE_READ_STRING             
00001735  __aeabi_dsub                      
0000173f  __aeabi_dadd                      
000018eb  __aeabi_ddiv                      
00001a21  sensorInit                        
00001a89  verifyDeviceAddress               
00001ab5  retrieveCalibratedData            
00001ae7  getTemp                           
00001af5  getHumidity                       
00001b03  getPressure                       
00001b51  main                              
00001bf1  SysTick_Handler                   
00001c79  CS_getDCOFrequency                
00001d7d  __aeabi_dmul                      
00001e79  getMCLKfreq                       
00001e7f  getSMCLKfreq                      
00001e85  clockStartUp                      
00001ebf  clockInit48MHzXTL                 
00001f45  CS_startHFXTWithTimeout           
0000207d  __aeabi_memcpy                    
0000207d  __aeabi_memcpy4                   
0000207d  __aeabi_memcpy8                   
0000207d  memcpy                            
00002119  __aeabi_cdcmpeq                   
00002119  __aeabi_cdcmple                   
0000219f  __aeabi_cdrcmple                  
00002225  __aeabi_memclr                    
00002225  __aeabi_memclr4                   
00002225  __aeabi_memclr8                   
00002227  __aeabi_memset                    
00002227  __aeabi_memset4                   
00002227  __aeabi_memset8                   
0000222d  memset                            
0000229f  __mpu_init                        
00002311  __TI_auto_init                    
00002381  __TI_decompress_lzss              
000023e9  _c_int00                          
0000243d  C$$EXIT                           
00002441  abort                             
00002449  exit                              
00002491  SysCtl_getTLVInfo                 
0000252d  copy_in                           
000025c1  __aeabi_d2iz                      
00002609  __aeabi_i2d                       
00002637  _system_post_cinit                
00002639  CS_clearInterruptFlag             
0000265d  __aeabi_ui2d                      
0000267d  CS_getMCLK                        
00002695  CS_getSMCLK                       
000026ad  _args_main                        
000026c5  CS_setExternalClockSourceFrequency
000026d9  _register_unlock                  
000026df  _register_lock                    
000026e7  _nop                              
00002701  SysCtl_disableNMISource           
00002711  SysCtl_enableNMISource            
00002721  __TI_decompress_none              
00002731  SysCtl_getNMISourceStatus         
0000273d  __TI_zero_init                    
00002749  CS_startHFXT                      
0000274f  _system_pre_init                  
0000279c  __TI_Handler_Table_Base           
000027a8  __TI_Handler_Table_Limit          
000027b0  __TI_CINIT_Base                   
000027c0  __TI_CINIT_Limit                  
20000000  dev                               
20000040  humidity                          
20000048  pressure                          
20000050  temp                              
20000058  MCLKfreq                          
2000005c  SMCLKfreq                         
20000060  current_count                     
20000064  device_data                       
20000070  com_rslt                          
20000071  retrieveError                     
20000072  rst                               
20000073  v_data_u8                         
20000074  validAddress                      
20000078  __TI_cleanup_ptr                  
2000007c  __TI_dtors_ptr                    
20000080  __TI_enable_exit_profile_output   
20000084  _lock                             
20000088  _unlock                           
2000008c  p_bme280                          
20000090  target_count                      
20000094  main_func_sp                      
20000098  SystemCoreClock                   
2000fe00  __stack                           
20010000  __STACK_END                       
4000480c  WDTCTL_SYM                        
ffffffff  __TI_pprof_out_hndl               
ffffffff  __TI_prof_data_size               
ffffffff  __TI_prof_data_start              
ffffffff  __binit__                         
ffffffff  __c_args__                        
ffffffff  binit                             
UNDEFED   SHT$$INIT_ARRAY$$Base             
UNDEFED   SHT$$INIT_ARRAY$$Limit            

[118 symbols]
